// Jest Snapshot v1, https://goo.gl/fbAQLP

exports[`components mounts the component 1`] = `
ShallowWrapper {
  "complexSelector": ComplexSelector {
    "buildPredicate": [Function],
    "childrenOfNode": [Function],
    "findWhereUnwrapped": [Function],
  },
  "length": 1,
  "node": <div
    className="error-block"
>
    <h1
        style={
            Object {
                "fontSize": "7em",
              }
        }
    >
        ðŸ˜¢
    </h1>
    <h2
        className="error-message"
    >
        ajax error 404
    </h2>
</div>,
  "nodes": Array [
    <div
      className="error-block"
>
      <h1
            style={
                  Object {
                        "fontSize": "7em",
                      }
            }
      >
            ðŸ˜¢
      </h1>
      <h2
            className="error-message"
      >
            ajax error 404
      </h2>
</div>,
  ],
  "options": Object {},
  "renderer": ReactShallowRenderer {
    "_instance": ShallowComponentWrapper {
      "_calledComponentWillUnmount": false,
      "_compositeType": 0,
      "_context": Object {},
      "_currentElement": <ErrorBlock
        message="ajax error 404"
/>,
      "_debugID": 3,
      "_hostContainerInfo": null,
      "_hostParent": null,
      "_instance": ErrorBlock {
        "_reactInternalInstance": [Circular],
        "context": Object {},
        "props": Object {
          "message": "ajax error 404",
        },
        "refs": Object {},
        "state": null,
        "updater": Object {
          "enqueueCallback": [Function],
          "enqueueCallbackInternal": [Function],
          "enqueueElementInternal": [Function],
          "enqueueForceUpdate": [Function],
          "enqueueReplaceState": [Function],
          "enqueueSetState": [Function],
          "isMounted": [Function],
          "validateCallback": [Function],
        },
      },
      "_mountOrder": 2,
      "_pendingCallbacks": null,
      "_pendingElement": null,
      "_pendingForceUpdate": false,
      "_pendingReplaceState": false,
      "_pendingStateQueue": null,
      "_renderedComponent": NoopInternalComponent {
        "_currentElement": <div
          className="error-block"
>
          <h1
                    style={
                              Object {
                                        "fontSize": "7em",
                                      }
                    }
          >
                    ðŸ˜¢
          </h1>
          <h2
                    className="error-message"
          >
                    ajax error 404
          </h2>
</div>,
        "_debugID": 4,
        "_renderedOutput": <div
          className="error-block"
>
          <h1
                    style={
                              Object {
                                        "fontSize": "7em",
                                      }
                    }
          >
                    ðŸ˜¢
          </h1>
          <h2
                    className="error-message"
          >
                    ajax error 404
          </h2>
</div>,
      },
      "_renderedNodeType": 0,
      "_rootNodeID": 0,
      "_topLevelWrapper": null,
      "_updateBatchNumber": null,
      "_warnedAboutRefsInRender": false,
    },
    "getRenderOutput": [Function],
    "render": [Function],
  },
  "root": [Circular],
  "unrendered": <ErrorBlock
    message="ajax error 404"
/>,
}
`;
