// Jest Snapshot v1, https://goo.gl/fbAQLP

exports[`components GithubUser mounts the component 1`] = `
ShallowWrapper {
  "complexSelector": ComplexSelector {
    "buildPredicate": [Function],
    "childrenOfNode": [Function],
    "findWhereUnwrapped": [Function],
  },
  "length": 1,
  "node": <div>
    <label>
        Github User: 
        <input />
    </label>
    <button
        onClick={[Function]}
    >
        Get User
    </button>
    <div
        className="github-user"
    >
        <img
            src="https://myimage.com"
        />
        <h2>
            hally9k
        </h2>
        <h4>
            ID: 
            123456
        </h4>
    </div>
</div>,
  "nodes": Array [
    <div>
      <label>
            Github User: 
            <input />
      </label>
      <button
            onClick={[Function]}
      >
            Get User
      </button>
      <div
            className="github-user"
      >
            <img
                  src="https://myimage.com"
            />
            <h2>
                  hally9k
            </h2>
            <h4>
                  ID: 
                  123456
            </h4>
      </div>
</div>,
  ],
  "options": Object {},
  "renderer": ReactShallowRenderer {
    "_instance": ShallowComponentWrapper {
      "_calledComponentWillUnmount": false,
      "_compositeType": 0,
      "_context": Object {},
      "_currentElement": <Root
        error={null}
        getGithubUser={[Function]}
        user={
                Object {
                        "avatar": "https://myimage.com",
                        "id": "123456",
                        "username": "hally9k",
                      }
        }
/>,
      "_debugID": 25,
      "_hostContainerInfo": null,
      "_hostParent": null,
      "_instance": Root {
        "_reactInternalInstance": [Circular],
        "context": Object {},
        "props": Object {
          "error": null,
          "getGithubUser": [Function],
          "user": Object {
            "avatar": "https://myimage.com",
            "id": "123456",
            "username": "hally9k",
          },
        },
        "refs": Object {},
        "state": null,
        "updater": Object {
          "enqueueCallback": [Function],
          "enqueueCallbackInternal": [Function],
          "enqueueElementInternal": [Function],
          "enqueueForceUpdate": [Function],
          "enqueueReplaceState": [Function],
          "enqueueSetState": [Function],
          "isMounted": [Function],
          "validateCallback": [Function],
        },
      },
      "_mountOrder": 8,
      "_pendingCallbacks": null,
      "_pendingElement": null,
      "_pendingForceUpdate": false,
      "_pendingReplaceState": false,
      "_pendingStateQueue": null,
      "_renderedComponent": NoopInternalComponent {
        "_currentElement": <div>
          <label>
                    Github User: 
                    <input />
          </label>
          <button
                    onClick={[Function]}
          >
                    Get User
          </button>
          <div
                    className="github-user"
          >
                    <img
                              src="https://myimage.com"
                    />
                    <h2>
                              hally9k
                    </h2>
                    <h4>
                              ID: 
                              123456
                    </h4>
          </div>
</div>,
        "_debugID": 26,
        "_renderedOutput": <div>
          <label>
                    Github User: 
                    <input />
          </label>
          <button
                    onClick={[Function]}
          >
                    Get User
          </button>
          <div
                    className="github-user"
          >
                    <img
                              src="https://myimage.com"
                    />
                    <h2>
                              hally9k
                    </h2>
                    <h4>
                              ID: 
                              123456
                    </h4>
          </div>
</div>,
      },
      "_renderedNodeType": 0,
      "_rootNodeID": 0,
      "_topLevelWrapper": null,
      "_updateBatchNumber": null,
      "_warnedAboutRefsInRender": false,
    },
    "getRenderOutput": [Function],
    "render": [Function],
  },
  "root": [Circular],
  "unrendered": <Root
    error={null}
    getGithubUser={[Function]}
    user={
        Object {
            "avatar": "https://myimage.com",
            "id": "123456",
            "username": "hally9k",
          }
    }
/>,
}
`;
